---
# Source: quay/templates/rbac/quay-admin-sa.yaml
apiVersion: v1
kind: ServiceAccount
metadata:
  name: quay-admin-sa
  namespace: quay-enterprise
  annotations:
    argocd.argoproj.io/sync-wave: "-5"
---
# Source: quay/templates/secret/secret.yaml
apiVersion: v1
kind: Secret
metadata:
  name: quay-init-config-bundle-secret
  namespace: quay-enterprise
  annotations:
    argocd.argoproj.io/sync-wave: "4"
type: Opaque
stringData:
  config.yaml: |
    FEATURE_USER_INITIALIZE: true
    BROWSER_API_CALLS_XHR_ONLY: false
    SUPER_USERS:
    - quayadmin
    FEATURE_USER_CREATION: true
    ALLOW_PULLS_WITHOUT_STRICT_LOGGING: false
    AUTHENTICATION_TYPE: Database
    DEFAULT_TAG_EXPIRATION: 2w
    ENTERPRISE_LOGO_URL: /static/img/RH_Logo_Quay_Black_UX-
    FEATURE_BUILD_SUPPORT: false
    FEATURE_DIRECT_LOGIN: true
    FEATURE_MAILING: false
    REGISTRY_TITLE: Red Hat Quay
    REGISTRY_TITLE_SHORT: Quay
    TEAM_RESYNC_STALE_TIME: 60m
    TESTING: false
---
# Source: quay/templates/rbac/quay-admin-role.yaml
apiVersion: rbac.authorization.k8s.io/v1
kind: ClusterRole
metadata:
  annotations:
    argocd.argoproj.io/sync-wave: "-5"
  name: quay-admin-role
rules:
  - apiGroups:
      - quay.redhat.com
    resources:
      - quayregistries
    verbs:
      - get
      - list
      - watch
  - apiGroups:
      - ""
    resources:
      - secrets
    verbs:
      - get
      - create
      - list
---
# Source: quay/templates/rbac/quay-admin-rolebinding.yaml
apiVersion: rbac.authorization.k8s.io/v1
kind: ClusterRoleBinding
metadata:
  name: quay-admin-binding
  annotations:
    argocd.argoproj.io/sync-wave: "-5"
roleRef:
  apiGroup: rbac.authorization.k8s.io
  kind: ClusterRole
  name: quay-admin-role
subjects:
  - kind: ServiceAccount
    name: quay-admin-sa
    namespace: quay-enterprise
---
# Source: quay/templates/quayRegistry/job-enable-quay-api.yaml
apiVersion: batch/v1
kind: Job
metadata:
  annotations:
    argocd.argoproj.io/hook: Sync
    argocd.argoproj.io/sync-wave: "15"
  name: enable-quay-api
  namespace: quay-enterprise
spec:
  template:
    spec:
      containers: 
      - image: image-registry.openshift-image-registry.svc:5000/openshift/cli:latest
        command:
        - /bin/bash
        - -c
        - |
          oc get secret quay-temp-token
          if [ $? -ne 0 ]; then
            echo "Quay default user not created. Creating ..."  
            # Invoke API and add quay user to the API - initiates API
            JSONTOKEN=$(curl -X POST -k  https://quay-registry-quay-quay-enterprise./api/v1/user/initialize --header 'Content-Type: application/json' --data '{ "username": "quayadmin", "password":"quayadmin123", "email": "quayadmin@example.com", "access_token": true}') && \
            oc create secret generic quay-temp-token --from-literal=token=$JSONTOKEN
          fi
          oc get secret -n openshift-operators quay-integration
          if [ $? -ne 0 ]; then
            echo "quay-integration secret not created. Creating ..."  
            # Now extract the token and store in the Quay Integration secret in openshift-operators namespace
            TOKEN=$(oc extract secret/quay-temp-token --keys=token --to=- | grep access_token | cut -d : -f2 | awk -F\" '{print $2}') && \
            oc create secret -n openshift-operators generic quay-integration --from-literal=token=$TOKEN
          fi
          echo "Job finished" 
        name: quay-api-enablement
      dnsPolicy: ClusterFirst
      activeDeadlineSeconds: 900
      restartPolicy: Never
      serviceAccountName: quay-admin-sa
      terminationGracePeriodSeconds: 60
---
# Source: quay/templates/quayRegistry/job-wait-on-quay-app-deploy.yaml
apiVersion: batch/v1
kind: Job
metadata:
  annotations:
    argocd.argoproj.io/hook: Sync
    argocd.argoproj.io/sync-wave: "6"
  name: wait-for-quay-app-deploy
  namespace: quay-enterprise
spec:
  template:
    spec:
      containers: 
      - image: image-registry.openshift-image-registry.svc:5000/openshift/cli:latest
        command:
        - /bin/bash
        - -c
        - |
          # wait for the operator QuayRegistry CR to be available
          oc wait QuayRegistry quay-registry --for=condition=Available=true
        name: wait-for-quay-app
      dnsPolicy: ClusterFirst
      activeDeadlineSeconds: 900
      restartPolicy: Never
      serviceAccountName: quay-admin-sa
      terminationGracePeriodSeconds: 60
---
# Source: quay/templates/quayRegistry/policy-quay-api-token.yaml
apiVersion: policy.open-cluster-management.io/v1
kind: PlacementBinding
metadata:
  name: quay-api-token-placement-binding
  namespace: openshift-operators
placementRef:
  name: quay-api-token-placement
  kind: PlacementRule
  apiGroup: apps.open-cluster-management.io
subjects:
  - name: policy-quay-api-token
    kind: Policy
    apiGroup: policy.open-cluster-management.io
---
# Source: quay/templates/quayRegistry/policy-quay-api-token.yaml
# We need to run this on any managed cluster but not on the HUB
apiVersion: apps.open-cluster-management.io/v1
kind: PlacementRule
metadata:
  name: quay-api-token-placement
  namespace: openshift-operators
spec:
  # This will go to both devel and secured clusters
  clusterSelector:
    # Using matchExpression because I need it in more than one clustergroup
    matchExpressions:
      - key: clustergroup
        operator: In
        values:
          - devel
          - prod
  clusterConditions:
    - status: 'True'
      type: ManagedClusterConditionAvailable
---
# Source: quay/templates/quayRegistry/policy-quay-api-token.yaml
apiVersion: policy.open-cluster-management.io/v1
kind: Policy
metadata:
  name: policy-quay-api-token
  namespace: openshift-operators
  annotations:
    argocd.argoproj.io/compare-options: IgnoreExtraneous
    argocd.argoproj.io/sync-options: SkipPrune
    argocd.argoproj.io/sync-wave: "7"
spec:
  remediationAction: enforce
  disabled: false
  policy-templates:
    - objectDefinition:
        apiVersion: policy.open-cluster-management.io/v1
        kind: ConfigurationPolicy
        metadata:
          name: quay-api-token-configpolicy
          annotations:
            apps.open-cluster-management.io/deployables: "secret"
        spec:
          remediationAction: enforce
          severity: medium
          namespaceSelector:
            include:
              - default
              - openshift-operators
          object-templates:
            - complianceType: mustonlyhave
              objectDefinition:
                kind: Secret
                type: Opaque
                metadata:
                  name: quay-api-token
                  namespace: openshift-operators
                apiVersion: v1
                data:
                  token: '{{hub fromSecret "openshift-operators" "quay-integration" "token" hub}}'
---
# Source: quay/templates/quayRegistry/registry.yaml
apiVersion: quay.redhat.com/v1
kind: QuayRegistry
metadata:
  name: quay-registry
  namespace: quay-enterprise
  annotations:
    argocd.argoproj.io/sync-wave: "4"
spec:
  components:
    - kind: clair
      managed: true
    - kind: horizontalpodautoscaler
      managed: true
    - kind: mirror
      managed: true
    - kind: monitoring
      managed: true
    - kind: postgres
      managed: true
    - kind: redis
      managed: true
    - kind: objectstorage
      managed: true
    - kind: route
      managed: true
    - kind: tls
      managed: true
    - kind: quay
      managed: true
    - kind: clairpostgres
      managed: true
  configBundleSecret: quay-init-config-bundle-secret
