---
# Source: pipelines/templates/chains/tekton-chains-configmap.yaml
apiVersion: v1
kind: ConfigMap
metadata:
  name: chains-config
  namespace: openshift-pipelines
data:
  artifacts.oci.storage: ''
  artifacts.taskrun.format: tekton
  artifacts.taskrun.storage: tekton
---
# Source: pipelines/templates/environment.yaml
apiVersion: v1
kind: ConfigMap
metadata:
  name: environment
data:
  DESCRIPTION: "Config keys for openshift-pipelines"
---
# Source: pipelines/templates/chains/tekton-chain.yaml
apiVersion: operator.tekton.dev/v1alpha1
kind: TektonChain
metadata:
  name: chain
spec:
  targetNamespace: openshift-pipelines
